// Jest Snapshot v1, https://goo.gl/fbAQLP

exports[`<Hightlight /> should render the heading 1`] = `
<main
  class=""
>
  <h1>
    Hightlight
  </h1>
</main>
`
